../Core/Src/main.c:116:6:myprintf	1
../Core/Src/main.c:134:5:main	3
../Core/Src/main.c:230:6:SystemClock_Config	3
../Core/Src/main.c:272:13:MX_I2C1_Init	2
../Core/Src/main.c:306:13:MX_I2C2_Init	2
../Core/Src/main.c:340:13:MX_I2C3_Init	2
../Core/Src/main.c:374:13:MX_SPI2_Init	2
../Core/Src/main.c:412:13:MX_USART2_UART_Init	2
../Core/Src/main.c:445:13:MX_GPIO_Init	1
../Core/Src/main.c:491:6:BME280_Init	1
../Core/Src/main.c:507:6:BME280_GetData	2
../Core/Src/main.c:548:6:BME280_isConnected	2
../Core/Src/main.c:568:6:BME280_print_raw_data	1
../Core/Src/main.c:584:6:BME280_compensation_read	1
../Core/Src/main.c:617:10:BME280_compensate_T_int32	1
../Core/Src/main.c:630:10:BME280_compensate_P_int64	2
../Core/Src/main.c:653:10:BME280_compensate_H_int32	1
../Core/Src/main.c:664:6:BME280_print_compensated_data	1
../Core/Src/main.c:688:9:decToBcd	1
../Core/Src/main.c:694:6:ds3231_Init	2
../Core/Src/main.c:722:6:ds3231_getDate	1
../Core/Src/main.c:747:6:fatFS_writeFile	4
../Core/Src/main.c:791:6:fatFS_readFile	5
../Core/Src/main.c:842:6:fatFS_inputCSV	5
../Core/Src/main.c:904:6:fatFS_deleteFile	4
../Core/Src/main.c:940:6:Error_Handler	1
