../Core/Src/main.c:100:5:main	1
../Core/Src/main.c:166:6:SystemClock_Config	3
../Core/Src/main.c:208:13:MX_I2C1_Init	2
../Core/Src/main.c:242:13:MX_I2C3_Init	2
../Core/Src/main.c:276:13:MX_USART2_UART_Init	2
../Core/Src/main.c:309:13:MX_GPIO_Init	1
../Core/Src/main.c:345:6:BME280_Init	1
../Core/Src/main.c:361:6:BME280_GetData	2
../Core/Src/main.c:402:6:BME280_isConnected	2
../Core/Src/main.c:422:6:BME280_print_raw_data	1
../Core/Src/main.c:438:6:BME280_compensation_read	1
../Core/Src/main.c:471:10:BME280_compensate_T_int32	1
../Core/Src/main.c:484:10:BME280_compensate_P_int64	2
../Core/Src/main.c:507:10:BME280_compensate_H_int32	1
../Core/Src/main.c:518:6:BME280_print_compensated_data	1
../Core/Src/main.c:547:6:Error_Handler	1
